// Jest Snapshot v1, https://goo.gl/fbAQLP

exports[`Home render home 1`] = `
<div>
  <div
    class="sc-aYaIB cSpayn"
  >
    <div
      class="ant-card ant-card-bordered sc-gEvDqW eyroAf css-dev-only-do-not-override-m4timi"
      style="margin-bottom: 20px;"
    >
      <div
        class="ant-card-head"
      >
        <div
          class="ant-card-head-wrapper"
        >
          <div
            class="ant-card-head-title"
            style="text-align: center; font-size: 36px;"
          >
            New Questions
          </div>
        </div>
      </div>
      <div
        class="ant-card-body"
      >
        <div
          class="ant-row css-dev-only-do-not-override-m4timi"
          style="margin-left: -8px; margin-right: -8px; row-gap: 16px;"
        />
      </div>
    </div>
    <div
      class="ant-card ant-card-bordered sc-gEvDqW eyroAf css-dev-only-do-not-override-m4timi"
    >
      <div
        class="ant-card-head"
      >
        <div
          class="ant-card-head-wrapper"
        >
          <div
            class="ant-card-head-title"
            style="text-align: center; font-size: 36px;"
          >
            Done
          </div>
        </div>
      </div>
      <div
        class="ant-card-body"
      >
        <div
          class="ant-row css-dev-only-do-not-override-m4timi"
          style="margin-left: -8px; margin-right: -8px; row-gap: 16px;"
        />
      </div>
    </div>
  </div>
</div>
`;

exports[`Home snapshot 1`] = `
<div>
  <div
    class="sc-aYaIB cSpayn"
  >
    <div
      class="ant-card ant-card-bordered sc-gEvDqW eyroAf css-dev-only-do-not-override-m4timi"
      style="margin-bottom: 20px;"
    >
      <div
        class="ant-card-head"
      >
        <div
          class="ant-card-head-wrapper"
        >
          <div
            class="ant-card-head-title"
            style="text-align: center; font-size: 36px;"
          >
            New Questions
          </div>
        </div>
      </div>
      <div
        class="ant-card-body"
      >
        <div
          class="ant-row css-dev-only-do-not-override-m4timi"
          style="margin-left: -8px; margin-right: -8px; row-gap: 16px;"
        />
      </div>
    </div>
    <div
      class="ant-card ant-card-bordered sc-gEvDqW eyroAf css-dev-only-do-not-override-m4timi"
    >
      <div
        class="ant-card-head"
      >
        <div
          class="ant-card-head-wrapper"
        >
          <div
            class="ant-card-head-title"
            style="text-align: center; font-size: 36px;"
          >
            Done
          </div>
        </div>
      </div>
      <div
        class="ant-card-body"
      >
        <div
          class="ant-row css-dev-only-do-not-override-m4timi"
          style="margin-left: -8px; margin-right: -8px; row-gap: 16px;"
        />
      </div>
    </div>
  </div>
</div>
`;
